
PS C:\Users\user\OneDrive\デスクトップ\MTML_CSS> cd C:\Users\user\lesson\git_challenge
PS C:\Users\user\lesson\git_challenge> git init 
Initialized empty Git repository in C:/Users/user/lesson/git_challenge/.git/
PS C:\Users\user\lesson\git_challenge> git add hello_world.txt
PS C:\Users\user\lesson\git_challenge> git status
On branch main

No commits yet

Changes to be committed:
  (use "git rm --cached <file>..." to unstage)
        new file:   hello_world.txt

PS C:\Users\user\lesson\git_challenge> git commit -m "hello_world.txtを追加"
[main (root-commit) a35ab91] hello_world.txtを追加
 1 file changed, 1 insertion(+)
 create mode 100644 hello_world.txt
PS C:\Users\user\lesson\git_challenge> git add hello_world.txt
PS C:\Users\user\lesson\git_challenge> git status 
On branch main
Changes to be committed:
  (use "git restore --staged <file>..." to unstage)
        modified:   hello_world.txt

PS C:\Users\user\lesson\git_challenge> git commit -m "日本語訳を追記"
[main 0e5f487] 日本語訳を追記
 1 file changed, 2 insertions(+), 1 deletion(-)
PS C:\Users\user\lesson\git_challenge> git log --oneline
0e5f487 (HEAD -> main) 日本語訳を追記
a35ab91 hello_world.txtを追加